---
source: crates/bayou_compiler/src/parser/tests.rs
info: "func main() -> int { return 0;"
---
- items:
    - ParseError
- - expected: "`}`"
    span:
      start: 0
      end: 0

