---
source: crates/bayou_frontend/src/lexer/tests.rs
info: "100000000000000000000"
---
- []
- - kind: IntegerOverflow
    span:
      start: 0
      end: 21

